#
# There is insufficient memory for the Java Runtime Environment to continue.
# Native memory allocation (malloc) failed to allocate 314000 bytes. Error detail: Chunk::new
# Possible reasons:
#   The system is out of physical RAM or swap space
#   This process is running with CompressedOops enabled, and the Java Heap may be blocking the growth of the native heap
# Possible solutions:
#   Reduce memory load on the system
#   Increase physical memory or swap space
#   Check if swap backing store is full
#   Decrease Java heap size (-Xmx/-Xms)
#   Decrease number of Java threads
#   Decrease Java thread stack sizes (-Xss)
#   Set larger code cache with -XX:ReservedCodeCacheSize=
#   JVM is running with Unscaled Compressed Oops mode in which the Java heap is
#     placed in the first 4GB address space. The Java Heap base address is the
#     maximum limit for the native heap growth. Please use -XX:HeapBaseMinAddress
#     to set the Java Heap base and to place the Java Heap above 4GB virtual address.
# This output file may be truncated or incomplete.
#
#  Out of Memory Error (arena.cpp:168), pid=11284, tid=9664
#
# JRE version: OpenJDK Runtime Environment Temurin-21.0.7+6 (21.0.7+6) (build 21.0.7+6-LTS)
# Java VM: OpenJDK 64-Bit Server VM Temurin-21.0.7+6 (21.0.7+6-LTS, mixed mode, sharing, tiered, compressed oops, compressed class ptrs, parallel gc, windows-amd64)
# No core dump will be written. Minidumps are not enabled by default on client versions of Windows
#

---------------  S U M M A R Y ------------

Command Line: --add-modules=ALL-SYSTEM --add-opens=java.base/java.util=ALL-UNNAMED --add-opens=java.base/java.lang=ALL-UNNAMED --add-opens=java.base/sun.nio.fs=ALL-UNNAMED -Declipse.application=org.eclipse.jdt.ls.core.id1 -Dosgi.bundles.defaultStartLevel=4 -Declipse.product=org.eclipse.jdt.ls.core.product -Djava.import.generatesMetadataFilesAtProjectRoot=false -DDetectVMInstallationsJob.disabled=true -Dfile.encoding=utf8 -XX:+UseParallelGC -XX:GCTimeRatio=4 -XX:AdaptiveSizePolicyWeight=90 -Dsun.zip.disableMemoryMapping=true -Xmx2G -Xms100m -Xlog:disable -javaagent:c:\Users\DELL\.vscode\extensions\redhat.java-1.43.1-win32-x64\lombok\lombok-1.18.39-4050.jar c:\Users\DELL\.vscode\extensions\redhat.java-1.43.1-win32-x64\server\plugins\org.eclipse.equinox.launcher_1.7.0.v20250519-0528.jar -configuration c:\Users\DELL\AppData\Roaming\Code\User\globalStorage\redhat.java\1.43.1\config_ss_win -data c:\Users\DELL\AppData\Roaming\Code\User\workspaceStorage\10861b516b67da2865d1c4e1d30c3854\redhat.java\ss_ws --pipe=\\.\pipe\lsp-864e79a0bb59756f466ec2c39af29ade-sock

Host: Intel(R) Core(TM) i7-5500U CPU @ 2.40GHz, 4 cores, 7G,  Windows 10 , 64 bit Build 19041 (10.0.19041.5915)
Time: Tue Jul  8 20:19:19 2025 E. Africa Standard Time elapsed time: 25.255458 seconds (0d 0h 0m 25s)

---------------  T H R E A D  ---------------

Current thread (0x000001d7a2e05510):  JavaThread "C2 CompilerThread0" daemon [_thread_in_native, id=9664, stack(0x0000008925900000,0x0000008925a00000) (1024K)]


Current CompileTask:
C2:25255 4793 %     4       java.io.WinNTFileSystem::normalize @ 58 (224 bytes)

Stack: [0x0000008925900000,0x0000008925a00000]
Native frames: (J=compiled Java code, j=interpreted, Vv=VM code, C=native code)
V  [jvm.dll+0x6ce119]
V  [jvm.dll+0x8a84a1]
V  [jvm.dll+0x8aa9ce]
V  [jvm.dll+0x8ab0b3]
V  [jvm.dll+0x27f8a6]
V  [jvm.dll+0xc507d]
V  [jvm.dll+0xc55b3]
V  [jvm.dll+0x3b692c]
V  [jvm.dll+0x382aa5]
V  [jvm.dll+0x381f0a]
V  [jvm.dll+0x247af0]
V  [jvm.dll+0x2470cf]
V  [jvm.dll+0x1c760e]
V  [jvm.dll+0x25695a]
V  [jvm.dll+0x254efa]
V  [jvm.dll+0x3f03f6]
V  [jvm.dll+0x851f6b]
V  [jvm.dll+0x6cc7dd]
C  [ucrtbase.dll+0x21bb2]
C  [KERNEL32.DLL+0x17374]
C  [ntdll.dll+0x4cc91]


---------------  P R O C E S S  ---------------

Threads class SMR info:
_java_thread_list=0x000001d78449c9d0, length=30, elements={
0x000001d7a2f10320, 0x000001d7a2dfb5e0, 0x000001d7a2dfcee0, 0x000001d7a2dfedf0,
0x000001d7a2e01c10, 0x000001d7a2e02c80, 0x000001d7a2e046e0, 0x000001d7a2e05510,
0x000001d7a2e74c00, 0x000001d7a2f7d0e0, 0x000001d7842ae360, 0x000001d784a035c0,
0x000001d78496d530, 0x000001d78496db90, 0x000001d784a029e0, 0x000001d7a2e74320,
0x000001d784f752c0, 0x000001d78478d920, 0x000001d785535900, 0x000001d785534be0,
0x000001d785537340, 0x000001d785533ec0, 0x000001d785536cb0, 0x000001d785534550,
0x000001d785535270, 0x000001d785535f90, 0x000001d785536620, 0x000001d7865bbf20,
0x000001d7865bd960, 0x000001d7865b7060
}

Java Threads: ( => current thread )
  0x000001d7a2f10320 JavaThread "main"                              [_thread_blocked, id=3096, stack(0x0000008924f00000,0x0000008925000000) (1024K)]
  0x000001d7a2dfb5e0 JavaThread "Reference Handler"          daemon [_thread_blocked, id=19800, stack(0x0000008925300000,0x0000008925400000) (1024K)]
  0x000001d7a2dfcee0 JavaThread "Finalizer"                  daemon [_thread_blocked, id=18196, stack(0x0000008925400000,0x0000008925500000) (1024K)]
  0x000001d7a2dfedf0 JavaThread "Signal Dispatcher"          daemon [_thread_blocked, id=20416, stack(0x0000008925500000,0x0000008925600000) (1024K)]
  0x000001d7a2e01c10 JavaThread "Attach Listener"            daemon [_thread_blocked, id=16444, stack(0x0000008925600000,0x0000008925700000) (1024K)]
  0x000001d7a2e02c80 JavaThread "Service Thread"             daemon [_thread_blocked, id=19472, stack(0x0000008925700000,0x0000008925800000) (1024K)]
  0x000001d7a2e046e0 JavaThread "Monitor Deflation Thread"   daemon [_thread_blocked, id=17520, stack(0x0000008925800000,0x0000008925900000) (1024K)]
=>0x000001d7a2e05510 JavaThread "C2 CompilerThread0"         daemon [_thread_in_native, id=9664, stack(0x0000008925900000,0x0000008925a00000) (1024K)]
  0x000001d7a2e74c00 JavaThread "C1 CompilerThread0"         daemon [_thread_blocked, id=16328, stack(0x0000008925a00000,0x0000008925b00000) (1024K)]
  0x000001d7a2f7d0e0 JavaThread "Common-Cleaner"             daemon [_thread_blocked, id=18940, stack(0x0000008925b00000,0x0000008925c00000) (1024K)]
  0x000001d7842ae360 JavaThread "Notification Thread"        daemon [_thread_blocked, id=15216, stack(0x0000008925c00000,0x0000008925d00000) (1024K)]
  0x000001d784a035c0 JavaThread "Active Thread: Equinox Container: 0ae1e579-8983-4f1d-89de-4d61c4bd8480"        [_thread_blocked, id=5436, stack(0x0000008926100000,0x0000008926200000) (1024K)]
  0x000001d78496d530 JavaThread "Framework Event Dispatcher: Equinox Container: 0ae1e579-8983-4f1d-89de-4d61c4bd8480" daemon [_thread_blocked, id=2596, stack(0x0000008925d00000,0x0000008925e00000) (1024K)]
  0x000001d78496db90 JavaThread "Start Level: Equinox Container: 0ae1e579-8983-4f1d-89de-4d61c4bd8480" daemon [_thread_blocked, id=4528, stack(0x0000008926200000,0x0000008926300000) (1024K)]
  0x000001d784a029e0 JavaThread "SCR Component Actor"        daemon [_thread_blocked, id=1192, stack(0x0000008926300000,0x0000008926400000) (1024K)]
  0x000001d7a2e74320 JavaThread "Worker-JM"                         [_thread_blocked, id=1984, stack(0x0000008926500000,0x0000008926600000) (1024K)]
  0x000001d784f752c0 JavaThread "JNA Cleaner"                daemon [_thread_blocked, id=9948, stack(0x0000008926600000,0x0000008926700000) (1024K)]
  0x000001d78478d920 JavaThread "Worker-0"                          [_thread_blocked, id=15668, stack(0x0000008926700000,0x0000008926800000) (1024K)]
  0x000001d785535900 JavaThread "Worker-1"                          [_thread_blocked, id=8964, stack(0x0000008926800000,0x0000008926900000) (1024K)]
  0x000001d785534be0 JavaThread "Worker-2"                          [_thread_blocked, id=13076, stack(0x0000008926900000,0x0000008926a00000) (1024K)]
  0x000001d785537340 JavaThread "Thread-2"                   daemon [_thread_in_native, id=11896, stack(0x0000008926d00000,0x0000008926e00000) (1024K)]
  0x000001d785533ec0 JavaThread "Thread-3"                   daemon [_thread_in_native, id=17592, stack(0x0000008926e00000,0x0000008926f00000) (1024K)]
  0x000001d785536cb0 JavaThread "Thread-4"                   daemon [_thread_in_native, id=6412, stack(0x0000008926f00000,0x0000008927000000) (1024K)]
  0x000001d785534550 JavaThread "Thread-5"                   daemon [_thread_in_native, id=5440, stack(0x0000008927000000,0x0000008927100000) (1024K)]
  0x000001d785535270 JavaThread "Thread-6"                   daemon [_thread_in_native, id=9068, stack(0x0000008927100000,0x0000008927200000) (1024K)]
  0x000001d785535f90 JavaThread "pool-2-thread-1"                   [_thread_blocked, id=18716, stack(0x0000008927200000,0x0000008927300000) (1024K)]
  0x000001d785536620 JavaThread "WorkspaceEventsHandler"            [_thread_blocked, id=12764, stack(0x0000008926a00000,0x0000008926b00000) (1024K)]
  0x000001d7865bbf20 JavaThread "pool-1-thread-1"                   [_thread_in_vm, id=19748, stack(0x0000008927300000,0x0000008927400000) (1024K)]
  0x000001d7865bd960 JavaThread "ForkJoinPool.commonPool-worker-1" daemon [_thread_blocked, id=9392, stack(0x0000008926400000,0x0000008926500000) (1024K)]
  0x000001d7865b7060 JavaThread "ForkJoinPool.commonPool-worker-2" daemon [_thread_blocked, id=14860, stack(0x0000008927400000,0x0000008927500000) (1024K)]
Total: 30

Other Threads:
  0x000001d7a2dee950 VMThread "VM Thread"                           [id=14980, stack(0x0000008925200000,0x0000008925300000) (1024K)]
  0x000001d7a2f7ab70 WatcherThread "VM Periodic Task Thread"        [id=4216, stack(0x0000008925100000,0x0000008925200000) (1024K)]
  0x000001d7a2f2d7d0 WorkerThread "GC Thread#0"                     [id=1964, stack(0x0000008925000000,0x0000008925100000) (1024K)]
  0x000001d7845110a0 WorkerThread "GC Thread#1"                     [id=2292, stack(0x0000008925e00000,0x0000008925f00000) (1024K)]
  0x000001d784648240 WorkerThread "GC Thread#2"                     [id=10360, stack(0x0000008925f00000,0x0000008926000000) (1024K)]
  0x000001d7846485e0 WorkerThread "GC Thread#3"                     [id=13392, stack(0x0000008926000000,0x0000008926100000) (1024K)]
Total: 6

Threads with active compile tasks:
C2 CompilerThread0  25330 4793 %     4       java.io.WinNTFileSystem::normalize @ 58 (224 bytes)
Total: 1

VM state: not at safepoint (normal execution)

VM Mutex/Monitor currently owned by a thread:  ([mutex/lock_event])
[0x00007ff981a7c308] Metaspace_lock - owner thread: 0x000001d7865bbf20

Heap address: 0x0000000080000000, size: 2048 MB, Compressed Oops mode: 32-bit

CDS archive(s) mapped at: [0x000001d7ba000000-0x000001d7baba0000-0x000001d7baba0000), size 12189696, SharedBaseAddress: 0x000001d7ba000000, ArchiveRelocationMode: 1.
Compressed class space mapped at: 0x000001d7bb000000-0x000001d7fb000000, reserved size: 1073741824
Narrow klass base: 0x000001d7ba000000, Narrow klass shift: 0, Narrow klass range: 0x100000000

GC Precious Log:
 CardTable entry size: 512
 CPUs: 4 total, 4 available
 Memory: 8096M
 Large Page Support: Disabled
 NUMA Support: Disabled
 Compressed Oops: Enabled (32-bit)
 Alignments: Space 512K, Generation 512K, Heap 2M
 Heap Min Capacity: 100M
 Heap Initial Capacity: 100M
 Heap Max Capacity: 2G
 Pre-touch: Disabled
 Parallel Workers: 4

Heap:
 PSYoungGen      total 22528K, used 7998K [0x00000000d5580000, 0x00000000d6d00000, 0x0000000100000000)
  eden space 22016K, 36% used [0x00000000d5580000,0x00000000d5d4f8f8,0x00000000d6b00000)
  from space 512K, 0% used [0x00000000d6c80000,0x00000000d6c80000,0x00000000d6d00000)
  to   space 512K, 0% used [0x00000000d6c00000,0x00000000d6c00000,0x00000000d6c80000)
 ParOldGen       total 68608K, used 35180K [0x0000000080000000, 0x0000000084300000, 0x00000000d5580000)
  object space 68608K, 51% used [0x0000000080000000,0x000000008225b050,0x0000000084300000)
 Metaspace       used 35103K, committed 36096K, reserved 1114112K
  class space    used 3520K, committed 3968K, reserved 1048576K

Card table byte_map: [0x000001d7a28c0000,0x000001d7a2cd0000] _byte_map_base: 0x000001d7a24c0000

Marking Bits: (ParMarkBitMap*) 0x00007ff981a831f0
 Begin Bits: [0x000001d7b53c0000, 0x000001d7b73c0000)
 End Bits:   [0x000001d7b73c0000, 0x000001d7b93c0000)

Polling page: 0x000001d7a0d90000

Metaspace:

Usage:
  Non-class:     30.84 MB used.
      Class:      3.44 MB used.
       Both:     34.28 MB used.

Virtual space:
  Non-class space:       64.00 MB reserved,      31.38 MB ( 49%) committed,  1 nodes.
      Class space:        1.00 GB reserved,       3.88 MB ( <1%) committed,  1 nodes.
             Both:        1.06 GB reserved,      35.25 MB (  3%) committed. 

Chunk freelists:
   Non-Class:  264.00 KB
       Class:  12.14 MB
        Both:  12.40 MB

MaxMetaspaceSize: unlimited
CompressedClassSpaceSize: 1.00 GB
Initial GC threshold: 21.00 MB
Current GC threshold: 58.38 MB
CDS: on
 - commit_granule_bytes: 65536.
 - commit_granule_words: 8192.
 - virtual_space_node_default_size: 8388608.
 - enlarge_chunks_in_place: 1.
 - use_allocation_guard: 0.


Internal statistics:

num_allocs_failed_limit: 6.
num_arena_births: 738.
num_arena_deaths: 64.
num_vsnodes_births: 2.
num_vsnodes_deaths: 0.
num_space_committed: 564.
num_space_uncommitted: 0.
num_chunks_returned_to_freelist: 91.
num_chunks_taken_from_freelist: 2195.
num_chunk_merges: 30.
num_chunk_splits: 1385.
num_chunks_enlarged: 864.
num_inconsistent_stats: 0.

CodeHeap 'non-profiled nmethods': size=120000Kb used=2407Kb max_used=2728Kb free=117592Kb
 bounds [0x000001d7adbe0000, 0x000001d7ade90000, 0x000001d7b5110000]
CodeHeap 'profiled nmethods': size=120000Kb used=8705Kb max_used=9579Kb free=111295Kb
 bounds [0x000001d7a6110000, 0x000001d7a6a70000, 0x000001d7ad640000]
CodeHeap 'non-nmethods': size=5760Kb used=1372Kb max_used=1394Kb free=4387Kb
 bounds [0x000001d7ad640000, 0x000001d7ad8b0000, 0x000001d7adbe0000]
 total_blobs=5060 nmethods=4387 adapters=579
 compilation: enabled
              stopped_count=0, restarted_count=0
 full_count=0

Compilation events (20 events):
Event: 24.973 Thread 0x000001d7a2e74c00 nmethod 4783 0x000001d7a611e710 code [0x000001d7a611e8e0, 0x000001d7a611ebf8]
Event: 25.106 Thread 0x000001d7a2e74c00 4784       3       jdk.internal.reflect.ReflectionFactory::newConstructorAccessor (144 bytes)
Event: 25.107 Thread 0x000001d7a2e74c00 nmethod 4784 0x000001d7a6277e90 code [0x000001d7a62780c0, 0x000001d7a6278710]
Event: 25.107 Thread 0x000001d7a2e74c00 4785       3       java.lang.reflect.Constructor::getRoot (5 bytes)
Event: 25.107 Thread 0x000001d7a2e74c00 nmethod 4785 0x000001d7a6124a90 code [0x000001d7a6124c20, 0x000001d7a6124d40]
Event: 25.107 Thread 0x000001d7a2e74c00 4786   !   3       jdk.internal.reflect.MethodHandleAccessorFactory::newConstructorAccessor (84 bytes)
Event: 25.108 Thread 0x000001d7a2e74c00 nmethod 4786 0x000001d7a6169b10 code [0x000001d7a6169e60, 0x000001d7a616b208]
Event: 25.109 Thread 0x000001d7a2e74c00 4787       3       java.lang.reflect.Constructor::isVarArgs (5 bytes)
Event: 25.109 Thread 0x000001d7a2e74c00 nmethod 4787 0x000001d7a6116490 code [0x000001d7a6116640, 0x000001d7a6116818]
Event: 25.109 Thread 0x000001d7a2e74c00 4788       3       java.lang.invoke.MemberName::<init> (78 bytes)
Event: 25.110 Thread 0x000001d7a2e74c00 nmethod 4788 0x000001d7a61c4c10 code [0x000001d7a61c4e40, 0x000001d7a61c5730]
Event: 25.119 Thread 0x000001d7a2e74c00 4789   !   3       sun.net.www.protocol.jar.Handler::parseAbsoluteSpec (81 bytes)
Event: 25.120 Thread 0x000001d7a2e74c00 nmethod 4789 0x000001d7a62ecc10 code [0x000001d7a62ecf20, 0x000001d7a62edc78]
Event: 25.201 Thread 0x000001d7a2e05510 4790       4       java.lang.CharacterDataLatin1::getType (11 bytes)
Event: 25.202 Thread 0x000001d7a2e05510 nmethod 4790 0x000001d7adbe0490 code [0x000001d7adbe0620, 0x000001d7adbe06e0]
Event: 25.210 Thread 0x000001d7a2e74c00 4791       3       sun.reflect.generics.parser.SignatureParser::init (16 bytes)
Event: 25.211 Thread 0x000001d7a2e74c00 nmethod 4791 0x000001d7a612ef10 code [0x000001d7a612f0a0, 0x000001d7a612f1d8]
Event: 25.214 Thread 0x000001d7a2e74c00 4792       3       sun.reflect.generics.parser.SignatureParser::parseZeroOrMoreFormalTypeParameters (19 bytes)
Event: 25.214 Thread 0x000001d7a2e74c00 nmethod 4792 0x000001d7a6113e10 code [0x000001d7a6113fe0, 0x000001d7a6114250]
Event: 25.226 Thread 0x000001d7a2e05510 4793 %     4       java.io.WinNTFileSystem::normalize @ 58 (224 bytes)

GC Heap History (20 events):
Event: 20.237 GC heap before
{Heap before GC invocations=13 (full 1):
 PSYoungGen      total 24576K, used 24119K [0x00000000d5580000, 0x00000000d7200000, 0x0000000100000000)
  eden space 22528K, 100% used [0x00000000d5580000,0x00000000d6b80000,0x00000000d6b80000)
  from space 2048K, 77% used [0x00000000d6e00000,0x00000000d6f8dcf8,0x00000000d7000000)
  to   space 2048K, 0% used [0x00000000d7000000,0x00000000d7000000,0x00000000d7200000)
 ParOldGen       total 68608K, used 20374K [0x0000000080000000, 0x0000000084300000, 0x00000000d5580000)
  object space 68608K, 29% used [0x0000000080000000,0x00000000813e5908,0x0000000084300000)
 Metaspace       used 31619K, committed 32576K, reserved 1114112K
  class space    used 3111K, committed 3520K, reserved 1048576K
}
Event: 20.241 GC heap after
{Heap after GC invocations=13 (full 1):
 PSYoungGen      total 24064K, used 2016K [0x00000000d5580000, 0x00000000d7300000, 0x0000000100000000)
  eden space 22016K, 0% used [0x00000000d5580000,0x00000000d5580000,0x00000000d6b00000)
  from space 2048K, 98% used [0x00000000d7000000,0x00000000d71f8010,0x00000000d7200000)
  to   space 4096K, 0% used [0x00000000d6b00000,0x00000000d6b00000,0x00000000d6f00000)
 ParOldGen       total 68608K, used 21887K [0x0000000080000000, 0x0000000084300000, 0x00000000d5580000)
  object space 68608K, 31% used [0x0000000080000000,0x000000008155fc18,0x0000000084300000)
 Metaspace       used 31619K, committed 32576K, reserved 1114112K
  class space    used 3111K, committed 3520K, reserved 1048576K
}
Event: 20.677 GC heap before
{Heap before GC invocations=14 (full 1):
 PSYoungGen      total 24064K, used 24032K [0x00000000d5580000, 0x00000000d7300000, 0x0000000100000000)
  eden space 22016K, 100% used [0x00000000d5580000,0x00000000d6b00000,0x00000000d6b00000)
  from space 2048K, 98% used [0x00000000d7000000,0x00000000d71f8010,0x00000000d7200000)
  to   space 4096K, 0% used [0x00000000d6b00000,0x00000000d6b00000,0x00000000d6f00000)
 ParOldGen       total 68608K, used 21887K [0x0000000080000000, 0x0000000084300000, 0x00000000d5580000)
  object space 68608K, 31% used [0x0000000080000000,0x000000008155fc18,0x0000000084300000)
 Metaspace       used 32033K, committed 32960K, reserved 1114112K
  class space    used 3174K, committed 3584K, reserved 1048576K
}
Event: 20.682 GC heap after
{Heap after GC invocations=14 (full 1):
 PSYoungGen      total 24576K, used 2306K [0x00000000d5580000, 0x00000000d7100000, 0x0000000100000000)
  eden space 22016K, 0% used [0x00000000d5580000,0x00000000d5580000,0x00000000d6b00000)
  from space 2560K, 90% used [0x00000000d6b00000,0x00000000d6d40850,0x00000000d6d80000)
  to   space 3072K, 0% used [0x00000000d6e00000,0x00000000d6e00000,0x00000000d7100000)
 ParOldGen       total 68608K, used 23867K [0x0000000080000000, 0x0000000084300000, 0x00000000d5580000)
  object space 68608K, 34% used [0x0000000080000000,0x000000008174efa0,0x0000000084300000)
 Metaspace       used 32033K, committed 32960K, reserved 1114112K
  class space    used 3174K, committed 3584K, reserved 1048576K
}
Event: 20.912 GC heap before
{Heap before GC invocations=15 (full 1):
 PSYoungGen      total 24576K, used 24322K [0x00000000d5580000, 0x00000000d7100000, 0x0000000100000000)
  eden space 22016K, 100% used [0x00000000d5580000,0x00000000d6b00000,0x00000000d6b00000)
  from space 2560K, 90% used [0x00000000d6b00000,0x00000000d6d40850,0x00000000d6d80000)
  to   space 3072K, 0% used [0x00000000d6e00000,0x00000000d6e00000,0x00000000d7100000)
 ParOldGen       total 68608K, used 23867K [0x0000000080000000, 0x0000000084300000, 0x00000000d5580000)
  object space 68608K, 34% used [0x0000000080000000,0x000000008174efa0,0x0000000084300000)
 Metaspace       used 32041K, committed 32960K, reserved 1114112K
  class space    used 3174K, committed 3584K, reserved 1048576K
}
Event: 20.917 GC heap after
{Heap after GC invocations=15 (full 1):
 PSYoungGen      total 24576K, used 2048K [0x00000000d5580000, 0x00000000d7080000, 0x0000000100000000)
  eden space 22016K, 0% used [0x00000000d5580000,0x00000000d5580000,0x00000000d6b00000)
  from space 2560K, 80% used [0x00000000d6e00000,0x00000000d7000010,0x00000000d7080000)
  to   space 2560K, 0% used [0x00000000d6b00000,0x00000000d6b00000,0x00000000d6d80000)
 ParOldGen       total 68608K, used 26162K [0x0000000080000000, 0x0000000084300000, 0x00000000d5580000)
  object space 68608K, 38% used [0x0000000080000000,0x000000008198c918,0x0000000084300000)
 Metaspace       used 32041K, committed 32960K, reserved 1114112K
  class space    used 3174K, committed 3584K, reserved 1048576K
}
Event: 21.075 GC heap before
{Heap before GC invocations=16 (full 1):
 PSYoungGen      total 24576K, used 24064K [0x00000000d5580000, 0x00000000d7080000, 0x0000000100000000)
  eden space 22016K, 100% used [0x00000000d5580000,0x00000000d6b00000,0x00000000d6b00000)
  from space 2560K, 80% used [0x00000000d6e00000,0x00000000d7000010,0x00000000d7080000)
  to   space 2560K, 0% used [0x00000000d6b00000,0x00000000d6b00000,0x00000000d6d80000)
 ParOldGen       total 68608K, used 26162K [0x0000000080000000, 0x0000000084300000, 0x00000000d5580000)
  object space 68608K, 38% used [0x0000000080000000,0x000000008198c918,0x0000000084300000)
 Metaspace       used 32062K, committed 32960K, reserved 1114112K
  class space    used 3175K, committed 3584K, reserved 1048576K
}
Event: 21.080 GC heap after
{Heap after GC invocations=16 (full 1):
 PSYoungGen      total 24576K, used 2244K [0x00000000d5580000, 0x00000000d7000000, 0x0000000100000000)
  eden space 22016K, 0% used [0x00000000d5580000,0x00000000d5580000,0x00000000d6b00000)
  from space 2560K, 87% used [0x00000000d6b00000,0x00000000d6d31000,0x00000000d6d80000)
  to   space 2560K, 0% used [0x00000000d6d80000,0x00000000d6d80000,0x00000000d7000000)
 ParOldGen       total 68608K, used 28170K [0x0000000080000000, 0x0000000084300000, 0x00000000d5580000)
  object space 68608K, 41% used [0x0000000080000000,0x0000000081b82928,0x0000000084300000)
 Metaspace       used 32062K, committed 32960K, reserved 1114112K
  class space    used 3175K, committed 3584K, reserved 1048576K
}
Event: 21.276 GC heap before
{Heap before GC invocations=17 (full 1):
 PSYoungGen      total 24576K, used 24260K [0x00000000d5580000, 0x00000000d7000000, 0x0000000100000000)
  eden space 22016K, 100% used [0x00000000d5580000,0x00000000d6b00000,0x00000000d6b00000)
  from space 2560K, 87% used [0x00000000d6b00000,0x00000000d6d31000,0x00000000d6d80000)
  to   space 2560K, 0% used [0x00000000d6d80000,0x00000000d6d80000,0x00000000d7000000)
 ParOldGen       total 68608K, used 28170K [0x0000000080000000, 0x0000000084300000, 0x00000000d5580000)
  object space 68608K, 41% used [0x0000000080000000,0x0000000081b82928,0x0000000084300000)
 Metaspace       used 32108K, committed 33024K, reserved 1114112K
  class space    used 3177K, committed 3584K, reserved 1048576K
}
Event: 21.282 GC heap after
{Heap after GC invocations=17 (full 1):
 PSYoungGen      total 24576K, used 1952K [0x00000000d5580000, 0x00000000d7000000, 0x0000000100000000)
  eden space 22016K, 0% used [0x00000000d5580000,0x00000000d5580000,0x00000000d6b00000)
  from space 2560K, 76% used [0x00000000d6d80000,0x00000000d6f68000,0x00000000d7000000)
  to   space 2560K, 0% used [0x00000000d6b00000,0x00000000d6b00000,0x00000000d6d80000)
 ParOldGen       total 68608K, used 30366K [0x0000000080000000, 0x0000000084300000, 0x00000000d5580000)
  object space 68608K, 44% used [0x0000000080000000,0x0000000081da7af0,0x0000000084300000)
 Metaspace       used 32108K, committed 33024K, reserved 1114112K
  class space    used 3177K, committed 3584K, reserved 1048576K
}
Event: 21.628 GC heap before
{Heap before GC invocations=18 (full 1):
 PSYoungGen      total 24576K, used 23968K [0x00000000d5580000, 0x00000000d7000000, 0x0000000100000000)
  eden space 22016K, 100% used [0x00000000d5580000,0x00000000d6b00000,0x00000000d6b00000)
  from space 2560K, 76% used [0x00000000d6d80000,0x00000000d6f68000,0x00000000d7000000)
  to   space 2560K, 0% used [0x00000000d6b00000,0x00000000d6b00000,0x00000000d6d80000)
 ParOldGen       total 68608K, used 30366K [0x0000000080000000, 0x0000000084300000, 0x00000000d5580000)
  object space 68608K, 44% used [0x0000000080000000,0x0000000081da7af0,0x0000000084300000)
 Metaspace       used 32199K, committed 33152K, reserved 1114112K
  class space    used 3177K, committed 3584K, reserved 1048576K
}
Event: 21.635 GC heap after
{Heap after GC invocations=18 (full 1):
 PSYoungGen      total 24576K, used 2168K [0x00000000d5580000, 0x00000000d7000000, 0x0000000100000000)
  eden space 22016K, 0% used [0x00000000d5580000,0x00000000d5580000,0x00000000d6b00000)
  from space 2560K, 84% used [0x00000000d6b00000,0x00000000d6d1e210,0x00000000d6d80000)
  to   space 2560K, 0% used [0x00000000d6d80000,0x00000000d6d80000,0x00000000d7000000)
 ParOldGen       total 68608K, used 32238K [0x0000000080000000, 0x0000000084300000, 0x00000000d5580000)
  object space 68608K, 46% used [0x0000000080000000,0x0000000081f7baf0,0x0000000084300000)
 Metaspace       used 32199K, committed 33152K, reserved 1114112K
  class space    used 3177K, committed 3584K, reserved 1048576K
}
Event: 22.265 GC heap before
{Heap before GC invocations=19 (full 1):
 PSYoungGen      total 24576K, used 24184K [0x00000000d5580000, 0x00000000d7000000, 0x0000000100000000)
  eden space 22016K, 100% used [0x00000000d5580000,0x00000000d6b00000,0x00000000d6b00000)
  from space 2560K, 84% used [0x00000000d6b00000,0x00000000d6d1e210,0x00000000d6d80000)
  to   space 2560K, 0% used [0x00000000d6d80000,0x00000000d6d80000,0x00000000d7000000)
 ParOldGen       total 68608K, used 32238K [0x0000000080000000, 0x0000000084300000, 0x00000000d5580000)
  object space 68608K, 46% used [0x0000000080000000,0x0000000081f7baf0,0x0000000084300000)
 Metaspace       used 32635K, committed 33600K, reserved 1114112K
  class space    used 3226K, committed 3648K, reserved 1048576K
}
Event: 22.270 GC heap after
{Heap after GC invocations=19 (full 1):
 PSYoungGen      total 24064K, used 1792K [0x00000000d5580000, 0x00000000d6f80000, 0x0000000100000000)
  eden space 22016K, 0% used [0x00000000d5580000,0x00000000d5580000,0x00000000d6b00000)
  from space 2048K, 87% used [0x00000000d6d80000,0x00000000d6f40000,0x00000000d6f80000)
  to   space 2048K, 0% used [0x00000000d6b80000,0x00000000d6b80000,0x00000000d6d80000)
 ParOldGen       total 68608K, used 34343K [0x0000000080000000, 0x0000000084300000, 0x00000000d5580000)
  object space 68608K, 50% used [0x0000000080000000,0x0000000082189d00,0x0000000084300000)
 Metaspace       used 32635K, committed 33600K, reserved 1114112K
  class space    used 3226K, committed 3648K, reserved 1048576K
}
Event: 24.181 GC heap before
{Heap before GC invocations=20 (full 1):
 PSYoungGen      total 24064K, used 23808K [0x00000000d5580000, 0x00000000d6f80000, 0x0000000100000000)
  eden space 22016K, 100% used [0x00000000d5580000,0x00000000d6b00000,0x00000000d6b00000)
  from space 2048K, 87% used [0x00000000d6d80000,0x00000000d6f40000,0x00000000d6f80000)
  to   space 2048K, 0% used [0x00000000d6b80000,0x00000000d6b80000,0x00000000d6d80000)
 ParOldGen       total 68608K, used 34343K [0x0000000080000000, 0x0000000084300000, 0x00000000d5580000)
  object space 68608K, 50% used [0x0000000080000000,0x0000000082189d00,0x0000000084300000)
 Metaspace       used 34443K, committed 35392K, reserved 1114112K
  class space    used 3472K, committed 3904K, reserved 1048576K
}
Event: 24.188 GC heap after
{Heap after GC invocations=20 (full 1):
 PSYoungGen      total 23040K, used 642K [0x00000000d5580000, 0x00000000d6e00000, 0x0000000100000000)
  eden space 22016K, 0% used [0x00000000d5580000,0x00000000d5580000,0x00000000d6b00000)
  from space 1024K, 62% used [0x00000000d6b80000,0x00000000d6c20aa8,0x00000000d6c80000)
  to   space 1536K, 0% used [0x00000000d6c80000,0x00000000d6c80000,0x00000000d6e00000)
 ParOldGen       total 68608K, used 36094K [0x0000000080000000, 0x0000000084300000, 0x00000000d5580000)
  object space 68608K, 52% used [0x0000000080000000,0x000000008233f978,0x0000000084300000)
 Metaspace       used 34443K, committed 35392K, reserved 1114112K
  class space    used 3472K, committed 3904K, reserved 1048576K
}
Event: 24.753 GC heap before
{Heap before GC invocations=21 (full 1):
 PSYoungGen      total 23040K, used 4547K [0x00000000d5580000, 0x00000000d6e00000, 0x0000000100000000)
  eden space 22016K, 17% used [0x00000000d5580000,0x00000000d5950158,0x00000000d6b00000)
  from space 1024K, 62% used [0x00000000d6b80000,0x00000000d6c20aa8,0x00000000d6c80000)
  to   space 1536K, 0% used [0x00000000d6c80000,0x00000000d6c80000,0x00000000d6e00000)
 ParOldGen       total 68608K, used 36094K [0x0000000080000000, 0x0000000084300000, 0x00000000d5580000)
  object space 68608K, 52% used [0x0000000080000000,0x000000008233f978,0x0000000084300000)
 Metaspace       used 34815K, committed 35840K, reserved 1114112K
  class space    used 3491K, committed 3968K, reserved 1048576K
}
Event: 24.755 GC heap after
{Heap after GC invocations=21 (full 1):
 PSYoungGen      total 22528K, used 128K [0x00000000d5580000, 0x00000000d6d00000, 0x0000000100000000)
  eden space 22016K, 0% used [0x00000000d5580000,0x00000000d5580000,0x00000000d6b00000)
  from space 512K, 25% used [0x00000000d6c80000,0x00000000d6ca0000,0x00000000d6d00000)
  to   space 512K, 0% used [0x00000000d6c00000,0x00000000d6c00000,0x00000000d6c80000)
 ParOldGen       total 68608K, used 36618K [0x0000000080000000, 0x0000000084300000, 0x00000000d5580000)
  object space 68608K, 53% used [0x0000000080000000,0x00000000823c2bd8,0x0000000084300000)
 Metaspace       used 34815K, committed 35840K, reserved 1114112K
  class space    used 3491K, committed 3968K, reserved 1048576K
}
Event: 24.755 GC heap before
{Heap before GC invocations=22 (full 2):
 PSYoungGen      total 22528K, used 128K [0x00000000d5580000, 0x00000000d6d00000, 0x0000000100000000)
  eden space 22016K, 0% used [0x00000000d5580000,0x00000000d5580000,0x00000000d6b00000)
  from space 512K, 25% used [0x00000000d6c80000,0x00000000d6ca0000,0x00000000d6d00000)
  to   space 512K, 0% used [0x00000000d6c00000,0x00000000d6c00000,0x00000000d6c80000)
 ParOldGen       total 68608K, used 36618K [0x0000000080000000, 0x0000000084300000, 0x00000000d5580000)
  object space 68608K, 53% used [0x0000000080000000,0x00000000823c2bd8,0x0000000084300000)
 Metaspace       used 34815K, committed 35840K, reserved 1114112K
  class space    used 3491K, committed 3968K, reserved 1048576K
}
Event: 24.871 GC heap after
{Heap after GC invocations=22 (full 2):
 PSYoungGen      total 22528K, used 0K [0x00000000d5580000, 0x00000000d6d00000, 0x0000000100000000)
  eden space 22016K, 0% used [0x00000000d5580000,0x00000000d5580000,0x00000000d6b00000)
  from space 512K, 0% used [0x00000000d6c80000,0x00000000d6c80000,0x00000000d6d00000)
  to   space 512K, 0% used [0x00000000d6c00000,0x00000000d6c00000,0x00000000d6c80000)
 ParOldGen       total 68608K, used 35180K [0x0000000080000000, 0x0000000084300000, 0x00000000d5580000)
  object space 68608K, 51% used [0x0000000080000000,0x000000008225b050,0x0000000084300000)
 Metaspace       used 34771K, committed 35840K, reserved 1114112K
  class space    used 3478K, committed 3968K, reserved 1048576K
}

Dll operation events (10 events):
Event: 0.030 Loaded shared library c:\Users\DELL\.vscode\extensions\redhat.java-1.43.1-win32-x64\jre\21.0.7-win32-x86_64\bin\java.dll
Event: 0.178 Loaded shared library c:\Users\DELL\.vscode\extensions\redhat.java-1.43.1-win32-x64\jre\21.0.7-win32-x86_64\bin\zip.dll
Event: 0.214 Loaded shared library C:\Users\DELL\.vscode\extensions\redhat.java-1.43.1-win32-x64\jre\21.0.7-win32-x86_64\bin\instrument.dll
Event: 0.221 Loaded shared library C:\Users\DELL\.vscode\extensions\redhat.java-1.43.1-win32-x64\jre\21.0.7-win32-x86_64\bin\net.dll
Event: 0.224 Loaded shared library C:\Users\DELL\.vscode\extensions\redhat.java-1.43.1-win32-x64\jre\21.0.7-win32-x86_64\bin\nio.dll
Event: 0.229 Loaded shared library C:\Users\DELL\.vscode\extensions\redhat.java-1.43.1-win32-x64\jre\21.0.7-win32-x86_64\bin\zip.dll
Event: 0.254 Loaded shared library C:\Users\DELL\.vscode\extensions\redhat.java-1.43.1-win32-x64\jre\21.0.7-win32-x86_64\bin\jimage.dll
Event: 0.379 Loaded shared library c:\Users\DELL\.vscode\extensions\redhat.java-1.43.1-win32-x64\jre\21.0.7-win32-x86_64\bin\verify.dll
Event: 4.210 Loaded shared library C:\Users\DELL\AppData\Roaming\Code\User\globalStorage\redhat.java\1.43.1\config_ss_win\org.eclipse.equinox.launcher\org.eclipse.equinox.launcher.win32.win32.x86_64_1.2.1300.v20250331-1702\eclipse_11911.dll
Event: 8.476 Loaded shared library C:\Users\DELL\AppData\Local\Temp\jna-2094529\jna492609126806597001.dll

Deoptimization events (20 events):
Event: 21.931 Thread 0x000001d7865bd960 DEOPT PACKING pc=0x000001d7ade3db00 sp=0x00000089264fe160
Event: 21.931 Thread 0x000001d7865bd960 DEOPT UNPACKING pc=0x000001d7ad693aa2 sp=0x00000089264fe100 mode 2
Event: 22.029 Thread 0x000001d7865bbf20 DEOPT PACKING pc=0x000001d7a61b02f8 sp=0x00000089273fd5d0
Event: 22.029 Thread 0x000001d7865bbf20 DEOPT UNPACKING pc=0x000001d7ad694242 sp=0x00000089273fcab8 mode 0
Event: 22.160 Thread 0x000001d7865bd960 Uncommon trap: trap_request=0xffffff45 fr.pc=0x000001d7add40fa4 relative=0x00000000000010c4
Event: 22.160 Thread 0x000001d7865bd960 Uncommon trap: reason=unstable_if action=reinterpret pc=0x000001d7add40fa4 method=java.util.Properties$LineReader.readLine()I @ 325 c2
Event: 22.160 Thread 0x000001d7865bd960 DEOPT PACKING pc=0x000001d7add40fa4 sp=0x00000089264fda40
Event: 22.160 Thread 0x000001d7865bd960 DEOPT UNPACKING pc=0x000001d7ad693aa2 sp=0x00000089264fd9d8 mode 2
Event: 22.844 Thread 0x000001d7865bbf20 Uncommon trap: trap_request=0xffffffc6 fr.pc=0x000001d7ade65d1c relative=0x000000000000121c
Event: 22.844 Thread 0x000001d7865bbf20 Uncommon trap: reason=bimorphic_or_optimized_type_check action=maybe_recompile pc=0x000001d7ade65d1c method=java.util.Properties$LineReader.readLine()I @ 479 c2
Event: 22.844 Thread 0x000001d7865bbf20 DEOPT PACKING pc=0x000001d7ade65d1c sp=0x00000089273fd480
Event: 22.844 Thread 0x000001d7865bbf20 DEOPT UNPACKING pc=0x000001d7ad693aa2 sp=0x00000089273fd418 mode 2
Event: 23.262 Thread 0x000001d7865bd960 Uncommon trap: trap_request=0xffffff45 fr.pc=0x000001d7ade65a00 relative=0x0000000000000f00
Event: 23.262 Thread 0x000001d7865bd960 Uncommon trap: reason=unstable_if action=reinterpret pc=0x000001d7ade65a00 method=java.util.Properties$LineReader.readLine()I @ 182 c2
Event: 23.262 Thread 0x000001d7865bd960 DEOPT PACKING pc=0x000001d7ade65a00 sp=0x00000089264fc5d0
Event: 23.262 Thread 0x000001d7865bd960 DEOPT UNPACKING pc=0x000001d7ad693aa2 sp=0x00000089264fc570 mode 2
Event: 23.378 Thread 0x000001d7865bbf20 DEOPT PACKING pc=0x000001d7a61b02f8 sp=0x00000089273f9680
Event: 23.378 Thread 0x000001d7865bbf20 DEOPT UNPACKING pc=0x000001d7ad694242 sp=0x00000089273f8b68 mode 0
Event: 23.439 Thread 0x000001d7865bbf20 DEOPT PACKING pc=0x000001d7a667480d sp=0x00000089273fc5d0
Event: 23.439 Thread 0x000001d7865bbf20 DEOPT UNPACKING pc=0x000001d7ad694242 sp=0x00000089273fba80 mode 0

Classes loaded (20 events):
Event: 19.707 Loading class java/lang/invoke/MethodHandleImpl$Makers$3
Event: 19.707 Loading class java/lang/invoke/MethodHandleImpl$Makers$3 done
Event: 19.714 Loading class java/lang/runtime/ObjectMethods$1
Event: 19.714 Loading class java/lang/runtime/ObjectMethods$1 done
Event: 20.542 Loading class java/lang/invoke/MethodHandleImpl$CountingWrapper
Event: 20.542 Loading class java/lang/invoke/MethodHandleImpl$CountingWrapper done
Event: 20.631 Loading class java/util/AbstractList$ListItr
Event: 20.631 Loading class java/util/AbstractList$ListItr done
Event: 20.648 Loading class java/nio/channels/Channels$ReadableByteChannelImpl
Event: 20.648 Loading class java/nio/channels/Channels$ReadableByteChannelImpl done
Event: 20.649 Loading class java/nio/channels/NonWritableChannelException
Event: 20.649 Loading class java/nio/channels/NonWritableChannelException done
Event: 21.269 Loading class java/lang/invoke/MethodHandleImpl$CountingWrapper$1
Event: 21.269 Loading class java/lang/invoke/MethodHandleImpl$CountingWrapper$1 done
Event: 22.552 Loading class java/lang/ExceptionInInitializerError
Event: 22.553 Loading class java/lang/ExceptionInInitializerError done
Event: 22.928 Loading class sun/misc/Unsafe
Event: 22.937 Loading class sun/misc/Unsafe done
Event: 23.955 Loading class java/util/Vector$1
Event: 23.955 Loading class java/util/Vector$1 done

Classes unloaded (20 events):
Event: 24.781 Thread 0x000001d7a2dee950 Unloading class 0x000001d7bb36ec00 'java/lang/invoke/LambdaForm$MH+0x000001d7bb36ec00'
Event: 24.781 Thread 0x000001d7a2dee950 Unloading class 0x000001d7bb36e400 'java/lang/invoke/LambdaForm$MH+0x000001d7bb36e400'
Event: 24.781 Thread 0x000001d7a2dee950 Unloading class 0x000001d7bb36e000 'java/lang/invoke/LambdaForm$MH+0x000001d7bb36e000'
Event: 24.781 Thread 0x000001d7a2dee950 Unloading class 0x000001d7bb36dc00 'java/lang/invoke/LambdaForm$DMH+0x000001d7bb36dc00'
Event: 24.781 Thread 0x000001d7a2dee950 Unloading class 0x000001d7bb36d800 'java/lang/invoke/LambdaForm$DMH+0x000001d7bb36d800'
Event: 24.781 Thread 0x000001d7a2dee950 Unloading class 0x000001d7bb369800 'java/lang/invoke/LambdaForm$MH+0x000001d7bb369800'
Event: 24.781 Thread 0x000001d7a2dee950 Unloading class 0x000001d7bb369000 'java/lang/invoke/LambdaForm$MH+0x000001d7bb369000'
Event: 24.781 Thread 0x000001d7a2dee950 Unloading class 0x000001d7bb368800 'java/lang/invoke/LambdaForm$MH+0x000001d7bb368800'
Event: 24.781 Thread 0x000001d7a2dee950 Unloading class 0x000001d7bb368400 'java/lang/invoke/LambdaForm$MH+0x000001d7bb368400'
Event: 24.781 Thread 0x000001d7a2dee950 Unloading class 0x000001d7bb367c00 'java/lang/invoke/LambdaForm$MH+0x000001d7bb367c00'
Event: 24.781 Thread 0x000001d7a2dee950 Unloading class 0x000001d7bb367400 'java/lang/invoke/LambdaForm$MH+0x000001d7bb367400'
Event: 24.781 Thread 0x000001d7a2dee950 Unloading class 0x000001d7bb367000 'java/lang/invoke/LambdaForm$MH+0x000001d7bb367000'
Event: 24.781 Thread 0x000001d7a2dee950 Unloading class 0x000001d7bb366800 'java/lang/invoke/LambdaForm$MH+0x000001d7bb366800'
Event: 24.781 Thread 0x000001d7a2dee950 Unloading class 0x000001d7bb366400 'java/lang/invoke/LambdaForm$MH+0x000001d7bb366400'
Event: 24.781 Thread 0x000001d7a2dee950 Unloading class 0x000001d7bb365c00 'java/lang/invoke/LambdaForm$MH+0x000001d7bb365c00'
Event: 24.781 Thread 0x000001d7a2dee950 Unloading class 0x000001d7bb365800 'java/lang/invoke/LambdaForm$MH+0x000001d7bb365800'
Event: 24.781 Thread 0x000001d7a2dee950 Unloading class 0x000001d7bb365400 'java/lang/invoke/LambdaForm$MH+0x000001d7bb365400'
Event: 24.781 Thread 0x000001d7a2dee950 Unloading class 0x000001d7bb365000 'java/lang/invoke/LambdaForm$MH+0x000001d7bb365000'
Event: 24.781 Thread 0x000001d7a2dee950 Unloading class 0x000001d7bb364800 'java/lang/invoke/LambdaForm$DMH+0x000001d7bb364800'
Event: 24.781 Thread 0x000001d7a2dee950 Unloading class 0x000001d7bb364400 'java/lang/invoke/LambdaForm$DMH+0x000001d7bb364400'

Classes redefined (0 events):
No events

Internal exceptions (20 events):
Event: 19.706 Thread 0x000001d7865b7060 Exception <a 'java/lang/NoSuchMethodError'{0x00000000d5c2fc90}: 'java.lang.Object java.lang.invoke.Invokers$Holder.invoke_MT(java.lang.Object, java.lang.Object, java.lang.Object, java.lang.Object, java.lang.Object, java.lang.Object, java.lang.Object, java.lang.Object, java.lang.Object, java.lang.Object)'> (0x00000000d5c2fc90) 
thrown [s\src\hotspot\share\interpreter\linkResolver.cpp, line 773]
Event: 19.706 Thread 0x000001d7865bd960 Exception <a 'java/lang/NoSuchMethodError'{0x00000000d5c27890}: 'java.lang.Object java.lang.invoke.Invokers$Holder.invoke_MT(java.lang.Object, java.lang.Object, java.lang.Object, java.lang.Object, java.lang.Object, java.lang.Object, java.lang.Object, java.lang.Object, java.lang.Object, java.lang.Object)'> (0x00000000d5c27890) 
thrown [s\src\hotspot\share\interpreter\linkResolver.cpp, line 773]
Event: 19.715 Thread 0x000001d7865bd960 Exception <a 'java/lang/NoSuchMethodError'{0x00000000d5ca7a48}: 'int java.lang.invoke.DirectMethodHandle$Holder.invokeVirtual(java.lang.Object, java.lang.Object, java.lang.Object)'> (0x00000000d5ca7a48) 
thrown [s\src\hotspot\share\interpreter\linkResolver.cpp, line 773]
Event: 19.716 Thread 0x000001d7865bd960 Exception <a 'java/lang/NoSuchMethodError'{0x00000000d5cac030}: 'int java.lang.invoke.DirectMethodHandle$Holder.invokeStaticInit(java.lang.Object, int, int)'> (0x00000000d5cac030) 
thrown [s\src\hotspot\share\interpreter\linkResolver.cpp, line 773]
Event: 19.717 Thread 0x000001d7865bd960 Exception <a 'java/lang/NoSuchMethodError'{0x00000000d5cb37d8}: 'int java.lang.invoke.DirectMethodHandle$Holder.invokeStaticInit(java.lang.Object, long, long)'> (0x00000000d5cb37d8) 
thrown [s\src\hotspot\share\interpreter\linkResolver.cpp, line 773]
Event: 19.718 Thread 0x000001d7865bd960 Exception <a 'java/lang/NoSuchMethodError'{0x00000000d5cba520}: 'int java.lang.invoke.DirectMethodHandle$Holder.invokeStaticInit(java.lang.Object, float, float)'> (0x00000000d5cba520) 
thrown [s\src\hotspot\share\interpreter\linkResolver.cpp, line 773]
Event: 19.719 Thread 0x000001d7865bd960 Exception <a 'java/lang/NoSuchMethodError'{0x00000000d5cc1508}: 'int java.lang.invoke.DirectMethodHandle$Holder.invokeStaticInit(java.lang.Object, double, double)'> (0x00000000d5cc1508) 
thrown [s\src\hotspot\share\interpreter\linkResolver.cpp, line 773]
Event: 19.720 Thread 0x000001d7865bd960 Exception <a 'java/lang/NoSuchMethodError'{0x00000000d5cc5d58}: 'int java.lang.invoke.DirectMethodHandle$Holder.invokeStatic(java.lang.Object, long)'> (0x00000000d5cc5d58) 
thrown [s\src\hotspot\share\interpreter\linkResolver.cpp, line 773]
Event: 19.725 Thread 0x000001d7865bd960 Exception <a 'java/lang/NoSuchMethodError'{0x00000000d5cd4c98}: 'int java.lang.invoke.DirectMethodHandle$Holder.invokeSpecial(java.lang.Object, java.lang.Object, int, int)'> (0x00000000d5cd4c98) 
thrown [s\src\hotspot\share\interpreter\linkResolver.cpp, line 773]
Event: 19.725 Thread 0x000001d7865b7060 Exception <a 'java/lang/NoSuchMethodError'{0x00000000d5c94910}: 'int java.lang.invoke.DirectMethodHandle$Holder.invokeSpecial(java.lang.Object, java.lang.Object, int, int)'> (0x00000000d5c94910) 
thrown [s\src\hotspot\share\interpreter\linkResolver.cpp, line 773]
Event: 19.731 Thread 0x000001d7865bbf20 Exception <a 'java/lang/NoSuchMethodError'{0x00000000d5c79598}: 'int java.lang.invoke.Invokers$Holder.linkToTargetMethod(java.lang.Object, java.lang.Object)'> (0x00000000d5c79598) 
thrown [s\src\hotspot\share\interpreter\linkResolver.cpp, line 773]
Event: 19.732 Thread 0x000001d7865bd960 Exception <a 'java/lang/NoSuchMethodError'{0x00000000d5ce9ba0}: 'int java.lang.invoke.Invokers$Holder.linkToTargetMethod(java.lang.Object, java.lang.Object)'> (0x00000000d5ce9ba0) 
thrown [s\src\hotspot\share\interpreter\linkResolver.cpp, line 773]
Event: 19.732 Thread 0x000001d7865b7060 Exception <a 'java/lang/NoSuchMethodError'{0x00000000d5ce24c8}: 'int java.lang.invoke.Invokers$Holder.linkToTargetMethod(java.lang.Object, java.lang.Object)'> (0x00000000d5ce24c8) 
thrown [s\src\hotspot\share\interpreter\linkResolver.cpp, line 773]
Event: 20.540 Thread 0x000001d7865bd960 Exception <a 'java/lang/NoSuchMethodError'{0x00000000d6739660}: 'int java.lang.invoke.DirectMethodHandle$Holder.invokeSpecial(java.lang.Object, java.lang.Object, java.lang.Object, java.lang.Object)'> (0x00000000d6739660) 
thrown [s\src\hotspot\share\interpreter\linkResolver.cpp, line 773]
Event: 20.541 Thread 0x000001d7865bd960 Exception <a 'java/lang/NoSuchMethodError'{0x00000000d6746fc0}: 'java.lang.Object java.lang.invoke.DirectMethodHandle$Holder.invokeStatic(java.lang.Object, int, java.lang.Object, java.lang.Object)'> (0x00000000d6746fc0) 
thrown [s\src\hotspot\share\interpreter\linkResolver.cpp, line 773]
Event: 20.542 Thread 0x000001d7865bd960 Exception <a 'java/lang/NoSuchMethodError'{0x00000000d674bf38}: 'java.lang.Object java.lang.invoke.DelegatingMethodHandle$Holder.delegate(java.lang.Object, int, java.lang.Object, java.lang.Object)'> (0x00000000d674bf38) 
thrown [s\src\hotspot\share\interpreter\linkResolver.cpp, line 773]
Event: 20.544 Thread 0x000001d7865bd960 Implicit null exception at 0x000001d7adde4376 to 0x000001d7adde46ac
Event: 20.546 Thread 0x000001d7865bd960 Exception <a 'java/lang/NoSuchMethodError'{0x00000000d6795250}: 'int java.lang.invoke.Invokers$Holder.linkToTargetMethod(java.lang.Object, java.lang.Object, java.lang.Object)'> (0x00000000d6795250) 
thrown [s\src\hotspot\share\interpreter\linkResolver.cpp, line 773]
Event: 21.930 Thread 0x000001d7865bd960 Implicit null exception at 0x000001d7ade3dada to 0x000001d7ade3daf1
Event: 23.317 Thread 0x000001d7865bd960 Exception <a 'java/lang/LinkageError'{0x00000000d5ec0428}: loader lombok.launch.ShadowClassLoader @53b05c13 attempted duplicate class definition for lombok.launch.PatchFixesHider$Transform. (lombok.launch.PatchFixesHider$Transform is in unnamed module of loader lombok.launch.ShadowClassLoader @53b05c13, parent loader org.eclipse.osgi.internal.loader.EquinoxClassLoader @32cd4403)> (0x00000000d5ec0428) 
thrown [s\src\hotspot\share\classfile\systemDictionary.cpp, line 1682]

ZGC Phase Switch (0 events):
No events

VM Operations (20 events):
Event: 20.912 Executing VM operation: ParallelGCFailedAllocation (Allocation Failure)
Event: 20.917 Executing VM operation: ParallelGCFailedAllocation (Allocation Failure) done
Event: 21.075 Executing VM operation: ParallelGCFailedAllocation (Allocation Failure)
Event: 21.081 Executing VM operation: ParallelGCFailedAllocation (Allocation Failure) done
Event: 21.276 Executing VM operation: ParallelGCFailedAllocation (Allocation Failure)
Event: 21.282 Executing VM operation: ParallelGCFailedAllocation (Allocation Failure) done
Event: 21.628 Executing VM operation: ParallelGCFailedAllocation (Allocation Failure)
Event: 21.636 Executing VM operation: ParallelGCFailedAllocation (Allocation Failure) done
Event: 22.069 Executing VM operation: HandshakeAllThreads (Deoptimize)
Event: 22.069 Executing VM operation: HandshakeAllThreads (Deoptimize) done
Event: 22.265 Executing VM operation: ParallelGCFailedAllocation (Allocation Failure)
Event: 22.271 Executing VM operation: ParallelGCFailedAllocation (Allocation Failure) done
Event: 23.061 Executing VM operation: HandshakeAllThreads (Deoptimize)
Event: 23.061 Executing VM operation: HandshakeAllThreads (Deoptimize) done
Event: 24.061 Executing VM operation: Cleanup
Event: 24.061 Executing VM operation: Cleanup done
Event: 24.181 Executing VM operation: ParallelGCFailedAllocation (Allocation Failure)
Event: 24.188 Executing VM operation: ParallelGCFailedAllocation (Allocation Failure) done
Event: 24.753 Executing VM operation: CollectForMetadataAllocation (Metadata GC Threshold)
Event: 24.871 Executing VM operation: CollectForMetadataAllocation (Metadata GC Threshold) done

Memory protections (0 events):
No events

Nmethod flushes (20 events):
Event: 24.795 Thread 0x000001d7a2dee950 flushing  nmethod 0x000001d7a6597e10
Event: 24.795 Thread 0x000001d7a2dee950 flushing  nmethod 0x000001d7a6599610
Event: 24.795 Thread 0x000001d7a2dee950 flushing  nmethod 0x000001d7a6599990
Event: 24.795 Thread 0x000001d7a2dee950 flushing  nmethod 0x000001d7a659c490
Event: 24.795 Thread 0x000001d7a2dee950 flushing  nmethod 0x000001d7a659d390
Event: 24.795 Thread 0x000001d7a2dee950 flushing  nmethod 0x000001d7a659e590
Event: 24.795 Thread 0x000001d7a2dee950 flushing  nmethod 0x000001d7a659ef10
Event: 24.795 Thread 0x000001d7a2dee950 flushing  nmethod 0x000001d7a65a0290
Event: 24.795 Thread 0x000001d7a2dee950 flushing  nmethod 0x000001d7a65a0610
Event: 24.795 Thread 0x000001d7a2dee950 flushing  nmethod 0x000001d7a65a1390
Event: 24.795 Thread 0x000001d7a2dee950 flushing  nmethod 0x000001d7a65c3f90
Event: 24.795 Thread 0x000001d7a2dee950 flushing  nmethod 0x000001d7a65c7690
Event: 24.795 Thread 0x000001d7a2dee950 flushing  nmethod 0x000001d7a65c7d90
Event: 24.795 Thread 0x000001d7a2dee950 flushing  nmethod 0x000001d7a65fb790
Event: 24.795 Thread 0x000001d7a2dee950 flushing  nmethod 0x000001d7a65fc110
Event: 24.795 Thread 0x000001d7a2dee950 flushing  nmethod 0x000001d7a65fc710
Event: 24.795 Thread 0x000001d7a2dee950 flushing  nmethod 0x000001d7a6604690
Event: 24.795 Thread 0x000001d7a2dee950 flushing  nmethod 0x000001d7a660ab90
Event: 24.795 Thread 0x000001d7a2dee950 flushing  nmethod 0x000001d7a660eb90
Event: 24.795 Thread 0x000001d7a2dee950 flushing  nmethod 0x000001d7a6619890

Events (20 events):
Event: 7.217 Thread 0x000001d784a7e310 Thread exited: 0x000001d784a7e310
Event: 8.605 Thread 0x000001d78496db90 Thread added: 0x000001d784f752c0
Event: 8.736 Thread 0x000001d78496db90 Thread added: 0x000001d78478d920
Event: 8.847 Thread 0x000001d78496db90 Thread added: 0x000001d785535900
Event: 9.082 Thread 0x000001d785535900 Thread added: 0x000001d785534be0
Event: 9.228 Thread 0x000001d7a2e74c00 Thread added: 0x000001d78478df80
Event: 11.049 Thread 0x000001d78496db90 Thread added: 0x000001d785536cb0
Event: 11.242 Thread 0x000001d785536cb0 Thread exited: 0x000001d785536cb0
Event: 11.899 Thread 0x000001d7a2f10320 Thread added: 0x000001d785537340
Event: 11.899 Thread 0x000001d7a2f10320 Thread added: 0x000001d785533ec0
Event: 11.899 Thread 0x000001d7a2f10320 Thread added: 0x000001d785536cb0
Event: 11.900 Thread 0x000001d7a2f10320 Thread added: 0x000001d785534550
Event: 11.900 Thread 0x000001d7a2f10320 Thread added: 0x000001d785535270
Event: 11.922 Thread 0x000001d7a2f10320 Thread added: 0x000001d785535f90
Event: 12.699 Thread 0x000001d78478df80 Thread exited: 0x000001d78478df80
Event: 13.082 Thread 0x000001d7a2f10320 Thread added: 0x000001d785536620
Event: 13.083 Thread 0x000001d7a2f10320 Thread added: 0x000001d7865bbf20
Event: 13.962 Thread 0x000001d784959600 Thread exited: 0x000001d784959600
Event: 18.655 Thread 0x000001d7865bbf20 Thread added: 0x000001d7865bd960
Event: 19.019 Thread 0x000001d7865bbf20 Thread added: 0x000001d7865b7060


Dynamic libraries:
0x00007ff697740000 - 0x00007ff69774e000 	c:\Users\DELL\.vscode\extensions\redhat.java-1.43.1-win32-x64\jre\21.0.7-win32-x86_64\bin\java.exe
0x00007ffa21430000 - 0x00007ffa21628000 	C:\WINDOWS\SYSTEM32\ntdll.dll
0x00007ffa21290000 - 0x00007ffa21352000 	C:\WINDOWS\System32\KERNEL32.DLL
0x00007ffa1ef20000 - 0x00007ffa1f216000 	C:\WINDOWS\System32\KERNELBASE.dll
0x00007ffa1eb40000 - 0x00007ffa1ec40000 	C:\WINDOWS\System32\ucrtbase.dll
0x00007ffa15770000 - 0x00007ffa15788000 	c:\Users\DELL\.vscode\extensions\redhat.java-1.43.1-win32-x64\jre\21.0.7-win32-x86_64\bin\jli.dll
0x00007ffa20d40000 - 0x00007ffa20edd000 	C:\WINDOWS\System32\USER32.dll
0x00007ffa1f2c0000 - 0x00007ffa1f2e2000 	C:\WINDOWS\System32\win32u.dll
0x00007ffa213c0000 - 0x00007ffa213eb000 	C:\WINDOWS\System32\GDI32.dll
0x00007ffa1ecd0000 - 0x00007ffa1ede9000 	C:\WINDOWS\System32\gdi32full.dll
0x00007ffa1f220000 - 0x00007ffa1f2bd000 	C:\WINDOWS\System32\msvcp_win.dll
0x00007ffa0cc40000 - 0x00007ffa0cc5e000 	c:\Users\DELL\.vscode\extensions\redhat.java-1.43.1-win32-x64\jre\21.0.7-win32-x86_64\bin\VCRUNTIME140.dll
0x00007ffa0d840000 - 0x00007ffa0dada000 	C:\WINDOWS\WinSxS\amd64_microsoft.windows.common-controls_6595b64144ccf1df_6.0.19041.5915_none_60b4b9d171f9c7c7\COMCTL32.dll
0x00007ffa20aa0000 - 0x00007ffa20b3e000 	C:\WINDOWS\System32\msvcrt.dll
0x00007ffa20a70000 - 0x00007ffa20a9f000 	C:\WINDOWS\System32\IMM32.DLL
0x00007ffa196a0000 - 0x00007ffa196ac000 	c:\Users\DELL\.vscode\extensions\redhat.java-1.43.1-win32-x64\jre\21.0.7-win32-x86_64\bin\vcruntime140_1.dll
0x00007ff9f62e0000 - 0x00007ff9f636d000 	c:\Users\DELL\.vscode\extensions\redhat.java-1.43.1-win32-x64\jre\21.0.7-win32-x86_64\bin\msvcp140.dll
0x00007ff980dd0000 - 0x00007ff981b60000 	c:\Users\DELL\.vscode\extensions\redhat.java-1.43.1-win32-x64\jre\21.0.7-win32-x86_64\bin\server\jvm.dll
0x00007ffa21090000 - 0x00007ffa21141000 	C:\WINDOWS\System32\ADVAPI32.dll
0x00007ffa1f9c0000 - 0x00007ffa1fa5f000 	C:\WINDOWS\System32\sechost.dll
0x00007ffa21160000 - 0x00007ffa21283000 	C:\WINDOWS\System32\RPCRT4.dll
0x00007ffa1edf0000 - 0x00007ffa1ee17000 	C:\WINDOWS\System32\bcrypt.dll
0x00007ffa209f0000 - 0x00007ffa20a5b000 	C:\WINDOWS\System32\WS2_32.dll
0x00007ffa1e050000 - 0x00007ffa1e09b000 	C:\WINDOWS\SYSTEM32\POWRPROF.dll
0x00007ffa0db80000 - 0x00007ffa0dba7000 	C:\WINDOWS\SYSTEM32\WINMM.dll
0x00007ffa138f0000 - 0x00007ffa138fa000 	C:\WINDOWS\SYSTEM32\VERSION.dll
0x00007ffa1dec0000 - 0x00007ffa1ded2000 	C:\WINDOWS\SYSTEM32\UMPDC.dll
0x00007ffa1d330000 - 0x00007ffa1d342000 	C:\WINDOWS\SYSTEM32\kernel.appcore.dll
0x00007ffa195a0000 - 0x00007ffa195aa000 	c:\Users\DELL\.vscode\extensions\redhat.java-1.43.1-win32-x64\jre\21.0.7-win32-x86_64\bin\jimage.dll
0x00007ffa1cfd0000 - 0x00007ffa1d1d1000 	C:\WINDOWS\SYSTEM32\DBGHELP.DLL
0x00007ffa06270000 - 0x00007ffa062a4000 	C:\WINDOWS\SYSTEM32\dbgcore.DLL
0x00007ffa1ec40000 - 0x00007ffa1ecc2000 	C:\WINDOWS\System32\bcryptPrimitives.dll
0x00007ffa0cc30000 - 0x00007ffa0cc3f000 	c:\Users\DELL\.vscode\extensions\redhat.java-1.43.1-win32-x64\jre\21.0.7-win32-x86_64\bin\instrument.dll
0x00007ffa0cbe0000 - 0x00007ffa0cbff000 	c:\Users\DELL\.vscode\extensions\redhat.java-1.43.1-win32-x64\jre\21.0.7-win32-x86_64\bin\java.dll
0x00007ffa201a0000 - 0x00007ffa2090e000 	C:\WINDOWS\System32\SHELL32.dll
0x00007ffa1c810000 - 0x00007ffa1cfb4000 	C:\WINDOWS\SYSTEM32\windows.storage.dll
0x00007ffa1f500000 - 0x00007ffa1f853000 	C:\WINDOWS\System32\combase.dll
0x00007ffa1e4f0000 - 0x00007ffa1e51b000 	C:\WINDOWS\SYSTEM32\Wldp.dll
0x00007ffa1f860000 - 0x00007ffa1f92d000 	C:\WINDOWS\System32\OLEAUT32.dll
0x00007ffa1f450000 - 0x00007ffa1f4fd000 	C:\WINDOWS\System32\SHCORE.dll
0x00007ffa20990000 - 0x00007ffa209eb000 	C:\WINDOWS\System32\shlwapi.dll
0x00007ffa1e9f0000 - 0x00007ffa1ea15000 	C:\WINDOWS\SYSTEM32\profapi.dll
0x00007ffa0cbc0000 - 0x00007ffa0cbd8000 	c:\Users\DELL\.vscode\extensions\redhat.java-1.43.1-win32-x64\jre\21.0.7-win32-x86_64\bin\zip.dll
0x00007ffa0cbb0000 - 0x00007ffa0cbc0000 	C:\Users\DELL\.vscode\extensions\redhat.java-1.43.1-win32-x64\jre\21.0.7-win32-x86_64\bin\net.dll
0x00007ffa14f10000 - 0x00007ffa1501a000 	C:\WINDOWS\SYSTEM32\WINHTTP.dll
0x00007ffa1e250000 - 0x00007ffa1e2ba000 	C:\WINDOWS\system32\mswsock.dll
0x00007ffa0cb70000 - 0x00007ffa0cb86000 	C:\Users\DELL\.vscode\extensions\redhat.java-1.43.1-win32-x64\jre\21.0.7-win32-x86_64\bin\nio.dll
0x00007ffa0cb60000 - 0x00007ffa0cb70000 	c:\Users\DELL\.vscode\extensions\redhat.java-1.43.1-win32-x64\jre\21.0.7-win32-x86_64\bin\verify.dll
0x00007ff9f5160000 - 0x00007ff9f51a5000 	C:\Users\DELL\AppData\Roaming\Code\User\globalStorage\redhat.java\1.43.1\config_ss_win\org.eclipse.equinox.launcher\org.eclipse.equinox.launcher.win32.win32.x86_64_1.2.1300.v20250331-1702\eclipse_11911.dll
0x00007ffa1fc00000 - 0x00007ffa1fd2b000 	C:\WINDOWS\System32\ole32.dll
0x00007ffa1e440000 - 0x00007ffa1e458000 	C:\WINDOWS\SYSTEM32\CRYPTSP.dll
0x00007ffa1db00000 - 0x00007ffa1db38000 	C:\WINDOWS\system32\rsaenh.dll
0x00007ffa1e9b0000 - 0x00007ffa1e9de000 	C:\WINDOWS\SYSTEM32\USERENV.dll
0x00007ffa1e460000 - 0x00007ffa1e46c000 	C:\WINDOWS\SYSTEM32\CRYPTBASE.dll
0x00007ffa1dee0000 - 0x00007ffa1df1b000 	C:\WINDOWS\SYSTEM32\IPHLPAPI.DLL
0x00007ffa20b40000 - 0x00007ffa20b48000 	C:\WINDOWS\System32\NSI.dll
0x00007ff9edc70000 - 0x00007ff9edcb9000 	C:\Users\DELL\AppData\Local\Temp\jna-2094529\jna492609126806597001.dll
0x00007ffa20a60000 - 0x00007ffa20a68000 	C:\WINDOWS\System32\PSAPI.DLL
0x00007ffa15c20000 - 0x00007ffa15c37000 	C:\WINDOWS\SYSTEM32\dhcpcsvc6.DLL
0x00007ffa16ef0000 - 0x00007ffa16f0d000 	C:\WINDOWS\SYSTEM32\dhcpcsvc.DLL

dbghelp: loaded successfully - version: 4.0.5 - missing functions: none
symbol engine: initialized successfully - sym options: 0x614 - pdb path: .;c:\Users\DELL\.vscode\extensions\redhat.java-1.43.1-win32-x64\jre\21.0.7-win32-x86_64\bin;C:\WINDOWS\SYSTEM32;C:\WINDOWS\WinSxS\amd64_microsoft.windows.common-controls_6595b64144ccf1df_6.0.19041.5915_none_60b4b9d171f9c7c7;c:\Users\DELL\.vscode\extensions\redhat.java-1.43.1-win32-x64\jre\21.0.7-win32-x86_64\bin\server;C:\Users\DELL\AppData\Roaming\Code\User\globalStorage\redhat.java\1.43.1\config_ss_win\org.eclipse.equinox.launcher\org.eclipse.equinox.launcher.win32.win32.x86_64_1.2.1300.v20250331-1702;C:\Users\DELL\AppData\Local\Temp\jna-2094529

VM Arguments:
jvm_args: --add-modules=ALL-SYSTEM --add-opens=java.base/java.util=ALL-UNNAMED --add-opens=java.base/java.lang=ALL-UNNAMED --add-opens=java.base/sun.nio.fs=ALL-UNNAMED -Declipse.application=org.eclipse.jdt.ls.core.id1 -Dosgi.bundles.defaultStartLevel=4 -Declipse.product=org.eclipse.jdt.ls.core.product -Djava.import.generatesMetadataFilesAtProjectRoot=false -DDetectVMInstallationsJob.disabled=true -Dfile.encoding=utf8 -XX:+UseParallelGC -XX:GCTimeRatio=4 -XX:AdaptiveSizePolicyWeight=90 -Dsun.zip.disableMemoryMapping=true -Xmx2G -Xms100m -Xlog:disable -javaagent:c:\Users\DELL\.vscode\extensions\redhat.java-1.43.1-win32-x64\lombok\lombok-1.18.39-4050.jar 
java_command: c:\Users\DELL\.vscode\extensions\redhat.java-1.43.1-win32-x64\server\plugins\org.eclipse.equinox.launcher_1.7.0.v20250519-0528.jar -configuration c:\Users\DELL\AppData\Roaming\Code\User\globalStorage\redhat.java\1.43.1\config_ss_win -data c:\Users\DELL\AppData\Roaming\Code\User\workspaceStorage\10861b516b67da2865d1c4e1d30c3854\redhat.java\ss_ws --pipe=\\.\pipe\lsp-864e79a0bb59756f466ec2c39af29ade-sock
java_class_path (initial): c:\Users\DELL\.vscode\extensions\redhat.java-1.43.1-win32-x64\server\plugins\org.eclipse.equinox.launcher_1.7.0.v20250519-0528.jar
Launcher Type: SUN_STANDARD

[Global flags]
    uintx AdaptiveSizePolicyWeight                 = 90                                        {product} {command line}
     intx CICompilerCount                          = 3                                         {product} {ergonomic}
    uintx GCTimeRatio                              = 4                                         {product} {command line}
   size_t InitialHeapSize                          = 104857600                                 {product} {command line}
   size_t MaxHeapSize                              = 2147483648                                {product} {command line}
   size_t MaxNewSize                               = 715653120                                 {product} {ergonomic}
   size_t MinHeapDeltaBytes                        = 524288                                    {product} {ergonomic}
   size_t MinHeapSize                              = 104857600                                 {product} {command line}
   size_t NewSize                                  = 34603008                                  {product} {ergonomic}
    uintx NonNMethodCodeHeapSize                   = 5832780                                {pd product} {ergonomic}
    uintx NonProfiledCodeHeapSize                  = 122912730                              {pd product} {ergonomic}
   size_t OldSize                                  = 70254592                                  {product} {ergonomic}
    uintx ProfiledCodeHeapSize                     = 122912730                              {pd product} {ergonomic}
    uintx ReservedCodeCacheSize                    = 251658240                              {pd product} {ergonomic}
     bool SegmentedCodeCache                       = true                                      {product} {ergonomic}
   size_t SoftMaxHeapSize                          = 2147483648                             {manageable} {ergonomic}
     bool UseCompressedOops                        = true                           {product lp64_product} {ergonomic}
     bool UseLargePagesIndividualAllocation        = false                                  {pd product} {ergonomic}
     bool UseParallelGC                            = true                                      {product} {command line}

Logging:
Log output configuration:
 #0: stdout all=off uptime,level,tags foldmultilines=false
 #1: stderr all=off uptime,level,tags foldmultilines=false

Environment Variables:
PATH=C:\Python313\Scripts\;C:\Python313\;C:\WINDOWS\system32;C:\WINDOWS;C:\WINDOWS\System32\Wbem;C:\WINDOWS\System32\WindowsPowerShell\v1.0\;C:\WINDOWS\System32\OpenSSH\;C:\Program Files (x86)\Microsoft SQL Server\160\Tools\Binn\;C:\Program Files\Microsoft SQL Server\160\Tools\Binn\;C:\Program Files\Microsoft SQL Server\Client SDK\ODBC\170\Tools\Binn\;C:\Program Files\Microsoft SQL Server\160\DTS\Binn\;C:\Program Files (x86)\Microsoft SQL Server\160\DTS\Binn\;C:\Program Files\Git\cmd;C:\ProgramData\chocolatey\bin;C:\Program Files\nodejs\;C:\ProgramData\ComposerSetup\bin;C:\xampp\php;C:\jdk-24.0.1\bin;C:\xampp\mysql\bin;C:\Tesseract-OCR;D:\JetBrains\IntelliJ IDEA Community Edition 2025.1\bin;C:\opencv\build\x64\vc16\bin;C:\Program Files\apache-maven-3.9.10\bin;C:\opencv\build\java\x64;C:\Users\DELL\AppData\Local\Microsoft\WindowsApps;C:\MinGW\bin;C:\Users\DELL\AppData\Local\Programs\Microsoft VS Code\bin;D:\IntelliJ IDEA 2025.1\bin;;D:\JetBrains\IntelliJ IDEA Community Edition 2025.1\bin;;C:\Users\DELL\AppData\Roaming\npm;C:\php;C:\Users\DELL\AppData\Roaming\Composer\vendor\bin
USERNAME=DELL
OS=Windows_NT
PROCESSOR_IDENTIFIER=Intel64 Family 6 Model 61 Stepping 4, GenuineIntel
TMP=C:\Users\DELL\AppData\Local\Temp
TEMP=C:\Users\DELL\AppData\Local\Temp




Periodic native trim disabled

---------------  S Y S T E M  ---------------

OS:
 Windows 10 , 64 bit Build 19041 (10.0.19041.5915)
OS uptime: 3 days 23:10 hours

CPU: total 4 (initial active 4) (2 cores per cpu, 2 threads per core) family 6 model 61 stepping 4 microcode 0x2d, cx8, cmov, fxsr, ht, mmx, 3dnowpref, sse, sse2, sse3, ssse3, sse4.1, sse4.2, popcnt, lzcnt, tsc, tscinvbit, avx, avx2, aes, erms, clmul, bmi1, bmi2, adx, fma, vzeroupper, clflush, rdtscp, f16c
Processor Information for the first 4 processors :
  Max Mhz: 2394, Current Mhz: 2394, Mhz Limit: 2394

Memory: 4k page, system-wide physical 8096M (311M free)
TotalPageFile size 22290M (AvailPageFile size 0M)
current process WorkingSet (physical memory assigned to process): 181M, peak: 188M
current process commit charge ("private bytes"): 273M, peak: 286M

vm_info: OpenJDK 64-Bit Server VM (21.0.7+6-LTS) for windows-amd64 JRE (21.0.7+6-LTS), built on 2025-04-15T00:00:00Z by "admin" with MS VC++ 17.7 (VS2022)

END.
